src/core/GameEngine.ts(149,26): error TS6133: 'type' is declared but its value is never read.
src/core/GameEngine.ts(149,40): error TS6133: 'data' is declared but its value is never read.
src/core/GameEngine.ts(598,12): error TS2393: Duplicate function implementation.
src/core/GameEngine.ts(1055,13): error TS2393: Duplicate function implementation.
src/core/GameEngine.ts(1055,13): error TS6133: 'getSubPos' is declared but its value is never read.
src/screens/ReplayViewer.tsx(6,1): error TS6133: 'Button' is declared but its value is never read.
src/screens/ReplayViewer.tsx(6,24): error TS2307: Cannot find module '../components/Button' or its corresponding type declarations.
src/screens/ReplayViewer.tsx(219,19): error TS6133: 'sub' is declared but its value is never read.
