// Vitest Snapshot v1, https://vitest.dev/guide/snapshot.html

exports[`board evolution > produces stable checkpoint hashes under heuristic play 1`] = `
[
  {
    "checkpoints": "1261cdb5",
    "finalHash": "4b773acb",
    "frames": 726,
    "garbageSent": 12,
    "maxChain": 1,
    "puyosCleared": 50,
    "score": 2696,
    "seed": 1,
    "toppedOut": true,
  },
  {
    "checkpoints": "bbc2af91,e87eb9b8,7d3d6050,bec52809,61deb963",
    "finalHash": "da6c0740",
    "frames": 3566,
    "garbageSent": 140,
    "maxChain": 3,
    "puyosCleared": 303,
    "score": 14802,
    "seed": 42,
    "toppedOut": true,
  },
  {
    "checkpoints": "298eb9ec",
    "finalHash": "72970673",
    "frames": 1007,
    "garbageSent": 57,
    "maxChain": 3,
    "puyosCleared": 78,
    "score": 6036,
    "seed": 1337,
    "toppedOut": true,
  },
  {
    "checkpoints": "7f650653,35f846f9",
    "finalHash": "95bf09d4",
    "frames": 1482,
    "garbageSent": 75,
    "maxChain": 3,
    "puyosCleared": 118,
    "score": 7950,
    "seed": 20260206,
    "toppedOut": true,
  },
  {
    "checkpoints": "42e8568d",
    "finalHash": "7f00227d",
    "frames": 887,
    "garbageSent": 26,
    "maxChain": 2,
    "puyosCleared": 65,
    "score": 3816,
    "seed": 999999,
    "toppedOut": true,
  },
  {
    "checkpoints": "19c88d0c,ada9ed8f,4a2a112c",
    "finalHash": "f12d352c",
    "frames": 1844,
    "garbageSent": 83,
    "maxChain": 3,
    "puyosCleared": 154,
    "score": 9252,
    "seed": 7,
    "toppedOut": true,
  },
  {
    "checkpoints": "753d77b2,d5a5e88b",
    "finalHash": "8466afa0",
    "frames": 1704,
    "garbageSent": 49,
    "maxChain": 3,
    "puyosCleared": 129,
    "score": 6166,
    "seed": 123456,
    "toppedOut": true,
  },
  {
    "checkpoints": "92e7eb44,956e4463,65c34625,193ece20,595e6d99",
    "finalHash": "863b12ae",
    "frames": 3567,
    "garbageSent": 147,
    "maxChain": 3,
    "puyosCleared": 285,
    "score": 15304,
    "seed": 88888888,
    "toppedOut": true,
  },
  {
    "checkpoints": "636b1f26,1cf33019",
    "finalHash": "38d5bd5f",
    "frames": 1430,
    "garbageSent": 49,
    "maxChain": 3,
    "puyosCleared": 109,
    "score": 5810,
    "seed": 31337,
    "toppedOut": true,
  },
  {
    "checkpoints": "bb02b7f5",
    "finalHash": "d0f08845",
    "frames": 902,
    "garbageSent": 19,
    "maxChain": 2,
    "puyosCleared": 63,
    "score": 3326,
    "seed": 2147483646,
    "toppedOut": true,
  },
]
`;

exports[`board evolution > random input is retained as a separate, shallower shape 1`] = `
[
  {
    "finalHash": "87ec4242",
    "frames": 443,
    "score": 417,
    "seed": 1,
  },
  {
    "finalHash": "8d89f53d",
    "frames": 406,
    "score": 444,
    "seed": 42,
  },
  {
    "finalHash": "3527a5af",
    "frames": 737,
    "score": 745,
    "seed": 1337,
  },
  {
    "finalHash": "44e6aedd",
    "frames": 461,
    "score": 587,
    "seed": 20260206,
  },
  {
    "finalHash": "5998aa1c",
    "frames": 530,
    "score": 604,
    "seed": 999999,
  },
  {
    "finalHash": "9e0a68ef",
    "frames": 316,
    "score": 586,
    "seed": 7,
  },
  {
    "finalHash": "e1aa2230",
    "frames": 666,
    "score": 714,
    "seed": 123456,
  },
  {
    "finalHash": "b5c4b3aa",
    "frames": 502,
    "score": 712,
    "seed": 88888888,
  },
  {
    "finalHash": "de7dfe72",
    "frames": 562,
    "score": 695,
    "seed": 31337,
  },
  {
    "finalHash": "72f35d4a",
    "frames": 315,
    "score": 439,
    "seed": 2147483646,
  },
]
`;

exports[`piece sequence > is stable for a fixed seed 1`] = `"23 45 11 42 51 43 12 51 43 11 45 43 21 13 24 22 34 24 35 24"`;
