// Vitest Snapshot v1, https://vitest.dev/guide/snapshot.html

exports[`board evolution > produces stable checkpoint hashes under heuristic play 1`] = `
[
  {
    "checkpoints": "",
    "finalHash": "4b773acb",
    "frames": 438,
    "garbageSent": 12,
    "maxChain": 1,
    "puyosCleared": 50,
    "score": 2696,
    "seed": 1,
    "toppedOut": true,
  },
  {
    "checkpoints": "13c5f3c1,a8ac6016,403269af",
    "finalHash": "da6c0740",
    "frames": 2031,
    "garbageSent": 140,
    "maxChain": 3,
    "puyosCleared": 303,
    "score": 14802,
    "seed": 42,
    "toppedOut": true,
  },
  {
    "checkpoints": "",
    "finalHash": "72970673",
    "frames": 594,
    "garbageSent": 57,
    "maxChain": 3,
    "puyosCleared": 78,
    "score": 6036,
    "seed": 1337,
    "toppedOut": true,
  },
  {
    "checkpoints": "844ca278",
    "finalHash": "95bf09d4",
    "frames": 860,
    "garbageSent": 75,
    "maxChain": 3,
    "puyosCleared": 118,
    "score": 7950,
    "seed": 20260206,
    "toppedOut": true,
  },
  {
    "checkpoints": "",
    "finalHash": "7f00227d",
    "frames": 528,
    "garbageSent": 26,
    "maxChain": 2,
    "puyosCleared": 65,
    "score": 3816,
    "seed": 999999,
    "toppedOut": true,
  },
  {
    "checkpoints": "06d428c9",
    "finalHash": "f12d352c",
    "frames": 1064,
    "garbageSent": 83,
    "maxChain": 3,
    "puyosCleared": 154,
    "score": 9252,
    "seed": 7,
    "toppedOut": true,
  },
  {
    "checkpoints": "ed281597",
    "finalHash": "8466afa0",
    "frames": 980,
    "garbageSent": 49,
    "maxChain": 3,
    "puyosCleared": 129,
    "score": 6166,
    "seed": 123456,
    "toppedOut": true,
  },
  {
    "checkpoints": "2bb32656,af5448e3,d725e280",
    "finalHash": "863b12ae",
    "frames": 2016,
    "garbageSent": 147,
    "maxChain": 3,
    "puyosCleared": 285,
    "score": 15304,
    "seed": 88888888,
    "toppedOut": true,
  },
  {
    "checkpoints": "ad7097d6",
    "finalHash": "38d5bd5f",
    "frames": 828,
    "garbageSent": 49,
    "maxChain": 3,
    "puyosCleared": 109,
    "score": 5810,
    "seed": 31337,
    "toppedOut": true,
  },
  {
    "checkpoints": "",
    "finalHash": "d0f08845",
    "frames": 535,
    "garbageSent": 19,
    "maxChain": 2,
    "puyosCleared": 63,
    "score": 3326,
    "seed": 2147483646,
    "toppedOut": true,
  },
]
`;

exports[`board evolution > random input is retained as a separate, shallower shape 1`] = `
[
  {
    "finalHash": "17101202",
    "frames": 463,
    "score": 1151,
    "seed": 1,
  },
  {
    "finalHash": "810b2514",
    "frames": 222,
    "score": 271,
    "seed": 42,
  },
  {
    "finalHash": "de83b81c",
    "frames": 539,
    "score": 692,
    "seed": 1337,
  },
  {
    "finalHash": "adbd5ea5",
    "frames": 503,
    "score": 848,
    "seed": 20260206,
  },
  {
    "finalHash": "4833015f",
    "frames": 392,
    "score": 692,
    "seed": 999999,
  },
  {
    "finalHash": "cc36c125",
    "frames": 428,
    "score": 710,
    "seed": 7,
  },
  {
    "finalHash": "f99b5349",
    "frames": 895,
    "score": 1435,
    "seed": 123456,
  },
  {
    "finalHash": "407dd136",
    "frames": 323,
    "score": 553,
    "seed": 88888888,
  },
  {
    "finalHash": "07c1e5ae",
    "frames": 394,
    "score": 517,
    "seed": 31337,
  },
  {
    "finalHash": "dad67463",
    "frames": 374,
    "score": 660,
    "seed": 2147483646,
  },
]
`;

exports[`piece sequence > is stable for a fixed seed 1`] = `"23 45 11 42 51 43 12 51 43 11 45 43 21 13 24 22 34 24 35 24"`;
